start: State(name='start', start=0, end=0, depth=0)
    start: State(name='statement', start=0, end=0, depth=1)
        start: State(name='command', start=0, end=0, depth=2)
            start: State(name='arg', start=0, end=0, depth=3)
            end: State(name='arg', start=0, end=4, depth=3) => 'echo'
        end: State(name='command', start=0, end=4, depth=2) => 'echo'
    end: State(name='statement', start=0, end=4, depth=1) => 'echo'
    start: State(name='statement', start=5, end=5, depth=1)
        start: State(name='command', start=5, end=5, depth=2)
            start: State(name='arg', start=5, end=5, depth=3)
            end: State(name='arg', start=5, end=9, depth=3) => 'echo'
            start: State(name='arg', start=10, end=10, depth=3)
            end: State(name='arg', start=10, end=11, depth=3) => '1'
        end: State(name='command', start=5, end=11, depth=2) => 'echo 1'
    end: State(name='statement', start=5, end=11, depth=1) => 'echo 1'
    start: State(name='statement', start=12, end=12, depth=1)
        start: State(name='command', start=12, end=12, depth=2)
            start: State(name='arg', start=12, end=12, depth=3)
            end: State(name='arg', start=12, end=16, depth=3) => 'echo'
            start: State(name='arg', start=17, end=17, depth=3)
            end: State(name='arg', start=17, end=18, depth=3) => '2'
        end: State(name='command', start=12, end=19, depth=2) => 'echo 2 '
    end: State(name='statement', start=12, end=19, depth=1) => 'echo 2 '
    start: State(name='statement', start=21, end=21, depth=1)
        start: State(name='command', start=21, end=21, depth=2)
            start: State(name='arg', start=21, end=21, depth=3)
            end: State(name='arg', start=21, end=25, depth=3) => 'echo'
            start: State(name='arg', start=26, end=26, depth=3)
            end: State(name='arg', start=26, end=27, depth=3) => '3'
        end: State(name='command', start=21, end=27, depth=2) => 'echo 3'
    end: State(name='statement', start=21, end=27, depth=1) => 'echo 3'
    start: State(name='statement', start=28, end=28, depth=1)
        start: State(name='command', start=28, end=28, depth=2)
            start: State(name='arg', start=28, end=28, depth=3)
            end: State(name='arg', start=28, end=32, depth=3) => 'echo'
            start: State(name='arg', start=33, end=33, depth=3)
            end: State(name='arg', start=33, end=34, depth=3) => '4'
        end: State(name='command', start=28, end=35, depth=2) => 'echo 4 '
        start: State(name='operator', start=35, end=35, depth=2)
        end: State(name='operator', start=35, end=37, depth=2) => '&&'
        start: State(name='command', start=38, end=38, depth=2)
            start: State(name='arg', start=38, end=38, depth=3)
            end: State(name='arg', start=38, end=42, depth=3) => 'echo'
            start: State(name='arg', start=43, end=43, depth=3)
            end: State(name='arg', start=43, end=44, depth=3) => '5'
        end: State(name='command', start=38, end=44, depth=2) => 'echo 5'
    end: State(name='statement', start=28, end=44, depth=1) => 'echo 4 && echo 5'
    start: State(name='statement', start=45, end=45, depth=1)
        start: State(name='command', start=45, end=45, depth=2)
            start: State(name='arg', start=45, end=45, depth=3)
            end: State(name='arg', start=45, end=49, depth=3) => 'echo'
            start: State(name='arg', start=50, end=50, depth=3)
            end: State(name='arg', start=50, end=51, depth=3) => '6'
        end: State(name='command', start=45, end=52, depth=2) => 'echo 6 '
        start: State(name='operator', start=52, end=52, depth=2)
        end: State(name='operator', start=52, end=54, depth=2) => '||'
        start: State(name='command', start=55, end=55, depth=2)
            start: State(name='arg', start=55, end=55, depth=3)
            end: State(name='arg', start=55, end=59, depth=3) => 'echo'
            start: State(name='arg', start=60, end=60, depth=3)
            end: State(name='arg', start=60, end=61, depth=3) => '7'
        end: State(name='command', start=55, end=61, depth=2) => 'echo 7'
    end: State(name='statement', start=45, end=61, depth=1) => 'echo 6 || echo 7'
    start: State(name='statement', start=62, end=62, depth=1)
        start: State(name='command', start=62, end=62, depth=2)
            start: State(name='arg', start=62, end=62, depth=3)
            end: State(name='arg', start=62, end=66, depth=3) => 'echo'
            start: State(name='arg', start=67, end=67, depth=3)
            end: State(name='arg', start=67, end=68, depth=3) => '8'
        end: State(name='command', start=62, end=69, depth=2) => 'echo 8 '
        start: State(name='operator', start=69, end=69, depth=2)
        end: State(name='operator', start=69, end=70, depth=2) => '|'
        start: State(name='command', start=71, end=71, depth=2)
            start: State(name='arg', start=71, end=71, depth=3)
            end: State(name='arg', start=71, end=75, depth=3) => 'echo'
            start: State(name='arg', start=76, end=76, depth=3)
            end: State(name='arg', start=76, end=77, depth=3) => '9'
        end: State(name='command', start=71, end=77, depth=2) => 'echo 9'
    end: State(name='statement', start=62, end=77, depth=1) => 'echo 8 | echo 9'
end: State(name='start', start=0, end=78, depth=0) => 'echo\necho 1\necho 2 ; echo 3\necho 4 && ec...o 7\necho 8 | echo 9\n'
