start: State(name='start', start=0, end=0, depth=0)
    start: State(name='statement', start=0, end=0, depth=1)
        start: State(name='[', start=0, end=0, depth=2)
            start: State(name='command', start=1, end=1, depth=3)
                start: State(name='arg', start=2, end=2, depth=4)
                    start: State(name='$', start=2, end=2, depth=5)
                    end: State(name='$', start=2, end=4, depth=5) => '$x'
                end: State(name='arg', start=2, end=4, depth=4) => '$x'
                start: State(name='arg', start=5, end=5, depth=4)
                end: State(name='arg', start=5, end=6, depth=4) => '='
                start: State(name='arg', start=7, end=7, depth=4)
                end: State(name='arg', start=7, end=8, depth=4) => '1'
            end: State(name='command', start=1, end=9, depth=3) => ' $x = 1 '
        end: State(name='[', start=0, end=10, depth=2) => '[ $x = 1 ]'
        start: State(name='operator', start=11, end=11, depth=2)
        end: State(name='operator', start=11, end=13, depth=2) => '||'
        start: State(name='command', start=14, end=14, depth=2)
            start: State(name='arg', start=14, end=14, depth=3)
            end: State(name='arg', start=14, end=17, depth=3) => 'x=1'
        end: State(name='command', start=14, end=18, depth=2) => 'x=1 '
        start: State(name='operator', start=18, end=18, depth=2)
        end: State(name='operator', start=18, end=20, depth=2) => '||'
        start: State(name='command', start=20, end=20, depth=2)
            start: State(name='arg', start=20, end=20, depth=3)
            end: State(name='arg', start=20, end=24, depth=3) => 'exit'
        end: State(name='command', start=20, end=24, depth=2) => 'exit'
    end: State(name='statement', start=0, end=24, depth=1) => '[ $x = 1 ] || x=1 ||exit'
end: State(name='start', start=0, end=25, depth=0) => '[ $x = 1 ] || x=1 ||exit\n'
